 gcc -I. -I/Users/lunereaper/Projects/bolt/ext -DPHP_ATOM_INC -I/Users/lunereaper/Projects/bolt/ext/include -I/Users/lunereaper/Projects/bolt/ext/main -I/Users/lunereaper/Projects/bolt/ext -I/usr/include/php -I/usr/include/php/main -I/usr/include/php/TSRM -I/usr/include/php/Zend -I/usr/include/php/ext -I/usr/include/php/ext/date/lib -DHAVE_CONFIG_H -O2 -fvisibility=hidden -Wparentheses -flto -DZEPHIR_RELEASE=1 -c /Users/lunereaper/Projects/bolt/ext/bolt/app/view/compiler.zep.c  -fno-common -DPIC -o bolt/app/view/.libs/compiler.o
rm -fr  .libs/bolt.la .libs/bolt.lai .libs/bolt.so .libs/bolt.so.dSYM
gcc ${wl}-flat_namespace ${wl}-undefined ${wl}suppress -o .libs/bolt.so -bundle  .libs/bolt.o kernel/.libs/main.o kernel/.libs/memory.o kernel/.libs/exception.o kernel/.libs/hash.o kernel/.libs/debug.o kernel/.libs/backtrace.o kernel/.libs/object.o kernel/.libs/array.o kernel/extended/.libs/array.o kernel/.libs/string.o kernel/.libs/fcall.o kernel/.libs/require.o kernel/.libs/file.o kernel/.libs/operators.o kernel/.libs/concat.o kernel/.libs/variables.o kernel/.libs/filter.o kernel/.libs/iterator.o kernel/.libs/exit.o bolt/.libs/exception.o bolt/app/.libs/exception.o bolt/app/.libs/router.o bolt/app/.libs/view.o bolt/app/router/.libs/exception.o bolt/app/router/.libs/route.o bolt/app/view/.libs/compiler.o bolt/app/view/.libs/context.o bolt/app/view/.libs/exception.o bolt/app/view/.libs/parser.o bolt/app/view/.libs/template.o bolt/app/view/.libs/tokenizer.o bolt/app/view/parser/.libs/node.o bolt/http/.libs/request.o  
dsymutil .libs/bolt.so || :
warning: no debug symbols in executable (-arch x86_64)
creating bolt.la
(cd .libs && rm -f bolt.la && ln -s ../bolt.la bolt.la)
cp ./.libs/bolt.so /Users/lunereaper/Projects/bolt/ext/modules/bolt.so
cp ./.libs/bolt.lai /Users/lunereaper/Projects/bolt/ext/modules/bolt.la
----------------------------------------------------------------------
Libraries have been installed in:
   /Users/lunereaper/Projects/bolt/ext/modules

If you ever happen to want to link against installed libraries
in a given directory, LIBDIR, you must either use libtool, and
specify the full pathname of the library, or use the `-LLIBDIR'
flag during linking and do at least one of the following:
   - add LIBDIR to the `DYLD_LIBRARY_PATH' environment variable
     during execution

See any operating system documentation about shared libraries for
more information, such as the ld(1) and ld.so(8) manual pages.
----------------------------------------------------------------------

Build complete.
Don't forget to run 'make test'.

Installing shared extensions:     /usr/lib/php/extensions/no-debug-non-zts-20100525/
Installing header files:          /usr/include/php/
